<html>
<body>
<pre>
<h1>µVision Build Log</h1>
<h2>Project:</h2>
D:\DALIAA\1DALIA\Academic_Projects\Materials\micro.uvproj
Project File Date:  05/23/2020

<h2>Output:</h2>
Build target 'Target 1'
compiling main.c...
compiling UART.c...
linking...
Program Size: Code=972 RO-data=652 RW-data=12 ZI-data=612  
".\micro.axf" - 0 Error(s), 0 Warning(s).
19): error:  #268: declaration may not appear after executable statement in block
                                int y ;
main.c(18): warning:  #177-D: variable "x" was declared but never referenced
                                int x;
main.c(19): warning:  #177-D: variable "y" was declared but never referenced
                                int y ;
main.c: 2 warnings, 2 errors
".\micro.axf" - 2 Error(s), 2 Warning(s).
Target not created
reated
arning(s).
Target not created
unction "check_password"
  }     
UART.c(85): error:  #169: expected a declaration
  }
UART.c: 1 warning, 3 errors
".\micro.axf" - 3 Error(s), 3 Warning(s).
Target not created
ART.h(4): warning:  #1-D: last line of file ends without a newline
  void UART-init ();
UART.h(4): error:  #70: incomplete type is not allowed
  void UART-init ();
UART.h(4): error:  #65: expected a ";"
  void UART-init ();
UART.c(5): error:  #65: expected a ";"
  void UART-init ()
UART.c(10): warning: At end of source:  #12-D: parsing restarts here after previous syntax error
UART.c: 2 warnings, 3 errors
"UART.c" - 3 Error(s), 2 Warning(s).
