<html>
<body>
<pre>
<h1>µVision Build Log</h1>
<h2>Project:</h2>
D:\DALIAA\1DALIA\Academic_Projects\Materials\micro.uvproj
Project File Date:  05/28/2020

<h2>Output:</h2>
Build target 'Target 1'
compiling main.c...
UART.h(13): warning:  #1-D: last line of file ends without a newline
  void PortC_init(void);
main.c: 1 warning, 0 errors
compiling UART.c...
UART.h(13): warning:  #1-D: last line of file ends without a newline
  void PortC_init(void);
UART.c: 1 warning, 0 errors
compiling keypad.c...
UART.h(13): warning:  #1-D: last line of file ends without a newline
  void PortC_init(void);
Keypad.h(20): warning:  #1-D: last line of file ends without a newline
  #endif /*KEYPAD_H_*/
keypad.c(58): warning:  #111-D: statement is unreachable
             break;
keypad.c(61): warning:  #111-D: statement is unreachable
                                   break;
keypad.c(64): warning:  #111-D: statement is unreachable
                                   break;
keypad.c(67): warning:  #111-D: statement is unreachable
                                   break;
keypad.c(70): warning:  #111-D: statement is unreachable
                                   break;
keypad.c(73): warning:  #111-D: statement is unreachable
                                   break;
keypad.c(76): warning:  #111-D: statement is unreachable
                                   break;
keypad.c(79): warning:  #111-D: statement is unreachable
                                   break;               
keypad.c(82): warning:  #111-D: statement is unreachable
                                   break;
keypad.c(85): warning:  #111-D: statement is unreachable
                                   break;
keypad.c(88): warning:  #111-D: statement is unreachable
                                   break;
keypad.c(91): warning:  #111-D: statement is unreachable
                                   break;
keypad.c(94): warning:  #111-D: statement is unreachable
                                   break;                       
keypad.c(97): warning:  #111-D: statement is unreachable
                                   break;
keypad.c(100): warning:  #111-D: statement is unreachable
                                   break;
keypad.c(103): warning:  #111-D: statement is unreachable
                                  break;
keypad.c: 18 warnings, 0 errors
linking...
Program Size: Code=1108 RO-data=652 RW-data=12 ZI-data=612  
".\micro.axf" - 0 Error(s), 20 Warning(s).
                       break;
keypad.c: 17 warnings, 4 errors
".\micro.axf" - 4 Error(s), 17 Warning(s).
Target not created
